2022-02-28 16:04:33,796 - mylogger - INFO - foorbar0
2022-02-28 16:04:33,796 - mylogger - INFO - foorbar1
2022-02-28 16:04:33,796 - mylogger - INFO - foorbar2
2022-02-28 16:04:33,809 - mylogger - INFO - foorbar3
2022-02-28 16:04:33,809 - mylogger - INFO - foorbar4
2022-02-28 16:04:33,809 - mylogger - INFO - foorbar5
2022-02-28 16:04:33,809 - mylogger - INFO - foorbar6
2022-02-28 16:04:33,809 - mylogger - INFO - foorbar7
2022-02-28 16:04:33,809 - mylogger - INFO - foorbar8
2022-02-28 16:04:33,809 - mylogger - INFO - foorbar9
